
Allocating common symbols
Common symbol       size              file

PMECC_paramDesc     0xccc             /home/scott/controller/tap-bootstrap/driver/nandflash.o

Discarded input sections

 .data          0x0000000000000000        0x0 /home/scott/controller/tap-bootstrap/crt0_gnu.o
 .bss           0x0000000000000000        0x0 /home/scott/controller/tap-bootstrap/crt0_gnu.o
 .text          0x0000000000000000        0x0 /home/scott/controller/tap-bootstrap/main.o
 .data          0x0000000000000000        0x0 /home/scott/controller/tap-bootstrap/main.o
 .text          0x0000000000000000        0x0 /home/scott/controller/tap-bootstrap/board/sama5d3xek/sama5d3xek.o
 .data          0x0000000000000000        0x0 /home/scott/controller/tap-bootstrap/board/sama5d3xek/sama5d3xek.o
 .bss           0x0000000000000000        0x0 /home/scott/controller/tap-bootstrap/board/sama5d3xek/sama5d3xek.o
 .text          0x0000000000000000        0x0 /home/scott/controller/tap-bootstrap/lib/string.o
 .data          0x0000000000000000        0x0 /home/scott/controller/tap-bootstrap/lib/string.o
 .bss           0x0000000000000000        0x0 /home/scott/controller/tap-bootstrap/lib/string.o
 .text.memcpy   0x0000000000000000       0x24 /home/scott/controller/tap-bootstrap/lib/string.o
 .text.memcmp   0x0000000000000000       0x34 /home/scott/controller/tap-bootstrap/lib/string.o
 .text.strcpy   0x0000000000000000       0x1c /home/scott/controller/tap-bootstrap/lib/string.o
 .text.strcat   0x0000000000000000       0x30 /home/scott/controller/tap-bootstrap/lib/string.o
 .text.strcmp   0x0000000000000000       0x38 /home/scott/controller/tap-bootstrap/lib/string.o
 .text.strchr   0x0000000000000000       0x34 /home/scott/controller/tap-bootstrap/lib/string.o
 .text.memchr   0x0000000000000000       0x28 /home/scott/controller/tap-bootstrap/lib/string.o
 .text.memmove  0x0000000000000000       0x58 /home/scott/controller/tap-bootstrap/lib/string.o
 .text          0x0000000000000000        0x0 /home/scott/controller/tap-bootstrap/lib/eabi_utils.o
 .data          0x0000000000000000        0x0 /home/scott/controller/tap-bootstrap/lib/eabi_utils.o
 .bss           0x0000000000000000        0x0 /home/scott/controller/tap-bootstrap/lib/eabi_utils.o
 .text.__aeabi_unwind_cpp_pr0
                0x0000000000000000        0x4 /home/scott/controller/tap-bootstrap/lib/eabi_utils.o
 .text.__aeabi_unwind_cpp_pr1
                0x0000000000000000        0x4 /home/scott/controller/tap-bootstrap/lib/eabi_utils.o
 .debug_info    0x0000000000000000       0x50 /home/scott/controller/tap-bootstrap/lib/eabi_utils.o
 .debug_abbrev  0x0000000000000000       0x2c /home/scott/controller/tap-bootstrap/lib/eabi_utils.o
 .debug_aranges
                0x0000000000000000       0x28 /home/scott/controller/tap-bootstrap/lib/eabi_utils.o
 .debug_ranges  0x0000000000000000       0x18 /home/scott/controller/tap-bootstrap/lib/eabi_utils.o
 .debug_line    0x0000000000000000       0x70 /home/scott/controller/tap-bootstrap/lib/eabi_utils.o
 .debug_str     0x0000000000000000       0x70 /home/scott/controller/tap-bootstrap/lib/eabi_utils.o
 .comment       0x0000000000000000       0x2c /home/scott/controller/tap-bootstrap/lib/eabi_utils.o
 .note.GNU-stack
                0x0000000000000000        0x0 /home/scott/controller/tap-bootstrap/lib/eabi_utils.o
 .ARM.attributes
                0x0000000000000000       0x2a /home/scott/controller/tap-bootstrap/lib/eabi_utils.o
 .debug_frame   0x0000000000000000       0x30 /home/scott/controller/tap-bootstrap/lib/eabi_utils.o
 .text          0x0000000000000000        0x0 /home/scott/controller/tap-bootstrap/lib/div.o
 .data          0x0000000000000000        0x0 /home/scott/controller/tap-bootstrap/lib/div.o
 .bss           0x0000000000000000        0x0 /home/scott/controller/tap-bootstrap/lib/div.o
 .text          0x0000000000000000        0x0 /home/scott/controller/tap-bootstrap/driver/debug.o
 .data          0x0000000000000000        0x0 /home/scott/controller/tap-bootstrap/driver/debug.o
 .text          0x0000000000000000        0x0 /home/scott/controller/tap-bootstrap/driver/at91_slowclk.o
 .data          0x0000000000000000        0x0 /home/scott/controller/tap-bootstrap/driver/at91_slowclk.o
 .bss           0x0000000000000000        0x0 /home/scott/controller/tap-bootstrap/driver/at91_slowclk.o
 .text          0x0000000000000000        0x0 /home/scott/controller/tap-bootstrap/driver/at91_pio.o
 .data          0x0000000000000000        0x0 /home/scott/controller/tap-bootstrap/driver/at91_pio.o
 .bss           0x0000000000000000        0x0 /home/scott/controller/tap-bootstrap/driver/at91_pio.o
 .text.pio_set_value
                0x0000000000000000       0x3c /home/scott/controller/tap-bootstrap/driver/at91_pio.o
 .text          0x0000000000000000        0x0 /home/scott/controller/tap-bootstrap/driver/pmc.o
 .data          0x0000000000000000        0x0 /home/scott/controller/tap-bootstrap/driver/pmc.o
 .bss           0x0000000000000000        0x0 /home/scott/controller/tap-bootstrap/driver/pmc.o
 .text.pmc_cfg_pllb
                0x0000000000000000       0x4c /home/scott/controller/tap-bootstrap/driver/pmc.o
 .text.pmc_cfg_pck
                0x0000000000000000       0x38 /home/scott/controller/tap-bootstrap/driver/pmc.o
 .text          0x0000000000000000        0x0 /home/scott/controller/tap-bootstrap/driver/at91_pit.o
 .data          0x0000000000000000        0x0 /home/scott/controller/tap-bootstrap/driver/at91_pit.o
 .text          0x0000000000000000        0x0 /home/scott/controller/tap-bootstrap/driver/at91_wdt.o
 .data          0x0000000000000000        0x0 /home/scott/controller/tap-bootstrap/driver/at91_wdt.o
 .bss           0x0000000000000000        0x0 /home/scott/controller/tap-bootstrap/driver/at91_wdt.o
 .text          0x0000000000000000        0x0 /home/scott/controller/tap-bootstrap/driver/at91_usart.o
 .data          0x0000000000000000        0x0 /home/scott/controller/tap-bootstrap/driver/at91_usart.o
 .bss           0x0000000000000000        0x0 /home/scott/controller/tap-bootstrap/driver/at91_usart.o
 .text.usart_getc
                0x0000000000000000       0x20 /home/scott/controller/tap-bootstrap/driver/at91_usart.o
 .text          0x0000000000000000        0x0 /home/scott/controller/tap-bootstrap/driver/hw_init_hook.o
 .data          0x0000000000000000        0x0 /home/scott/controller/tap-bootstrap/driver/hw_init_hook.o
 .bss           0x0000000000000000        0x0 /home/scott/controller/tap-bootstrap/driver/hw_init_hook.o
 .text          0x0000000000000000        0x0 /home/scott/controller/tap-bootstrap/driver/ddramc.o
 .data          0x0000000000000000        0x0 /home/scott/controller/tap-bootstrap/driver/ddramc.o
 .bss           0x0000000000000000        0x0 /home/scott/controller/tap-bootstrap/driver/ddramc.o
 .text          0x0000000000000000        0x0 /home/scott/controller/tap-bootstrap/driver/nandflash.o
 .data          0x0000000000000000        0x0 /home/scott/controller/tap-bootstrap/driver/nandflash.o
 .text          0x0000000000000000        0x0 /home/scott/controller/tap-bootstrap/driver/pmecc.o
 .data          0x0000000000000000        0x0 /home/scott/controller/tap-bootstrap/driver/pmecc.o
 .bss           0x0000000000000000        0x0 /home/scott/controller/tap-bootstrap/driver/pmecc.o
 .text.buf_dump
                0x0000000000000000        0x4 /home/scott/controller/tap-bootstrap/driver/pmecc.o
 .text.page_dump
                0x0000000000000000        0x4 /home/scott/controller/tap-bootstrap/driver/pmecc.o
 .text          0x0000000000000000        0x0 /home/scott/controller/tap-bootstrap/driver/ds24xx.o
 .data          0x0000000000000000        0x0 /home/scott/controller/tap-bootstrap/driver/ds24xx.o
 .text.get_sys_sn
                0x0000000000000000       0x10 /home/scott/controller/tap-bootstrap/driver/ds24xx.o
 .text.get_sys_rev
                0x0000000000000000       0x10 /home/scott/controller/tap-bootstrap/driver/ds24xx.o
 .text.get_cm_sn
                0x0000000000000000       0x14 /home/scott/controller/tap-bootstrap/driver/ds24xx.o
 .text.get_cm_vendor
                0x0000000000000000       0x18 /home/scott/controller/tap-bootstrap/driver/ds24xx.o
 .text.get_cm_rev
                0x0000000000000000       0x18 /home/scott/controller/tap-bootstrap/driver/ds24xx.o
 .text.get_dm_sn
                0x0000000000000000       0x18 /home/scott/controller/tap-bootstrap/driver/ds24xx.o

Memory Configuration

Name             Origin             Length             Attributes
*default*        0x0000000000000000 0xffffffffffffffff

Linker script and memory map

                0x0000000000000000                . = ALIGN (0x4)

.text           0x0000000000300000      0xb64
                0x0000000000300000                _stext = .
 *(.text)
 .text          0x0000000000300000      0x130 /home/scott/controller/tap-bootstrap/crt0_gnu.o
                0x0000000000300000                reset
                0x00000000003000a4                set_cp15
                0x00000000003000ac                get_cp15
                0x00000000003000b4                disable_irq
                0x00000000003000c4                get_cpsr
                0x00000000003000cc                set_cpsr
                0x00000000003000d4                disable_icache
                0x00000000003000e8                disable_dcache
                0x00000000003000fc                flush_idcache
 *(.rodata)
 .rodata        0x0000000000300130       0xa0 /home/scott/controller/tap-bootstrap/board/sama5d3xek/sama5d3xek.o
 .rodata        0x00000000003001d0       0xa0 /home/scott/controller/tap-bootstrap/driver/nandflash.o
 .rodata        0x0000000000300270       0x28 /home/scott/controller/tap-bootstrap/driver/pmecc.o
 .rodata        0x0000000000300298      0x1d0 /home/scott/controller/tap-bootstrap/driver/ds24xx.o
 *(.rodata*)
 .rodata.str1.1
                0x0000000000300468       0x97 /home/scott/controller/tap-bootstrap/main.o
                                         0x99 (size before relaxing)
 .rodata.str1.1
                0x00000000003004ff       0x1f /home/scott/controller/tap-bootstrap/board/sama5d3xek/sama5d3xek.o
 .rodata.str1.1
                0x000000000030051e      0x17c /home/scott/controller/tap-bootstrap/driver/nandflash.o
 .rodata.str1.1
                0x000000000030069a      0x159 /home/scott/controller/tap-bootstrap/driver/pmecc.o
 .rodata.str1.1
                0x00000000003007f3      0x371 /home/scott/controller/tap-bootstrap/driver/ds24xx.o
                0x0000000000300b64                . = ALIGN (0x4)
 *(.glue_7)
 .glue_7        0x0000000000000000        0x0 linker stubs
                0x0000000000300b64                . = ALIGN (0x4)
 *(.eh_frame)
                0x0000000000300b64                . = ALIGN (0x4)
                0x0000000000300b64                _etext = .

.glue_7t        0x0000000000300b64        0x0
 .glue_7t       0x0000000000000000        0x0 linker stubs

.vfp11_veneer   0x0000000000300b64        0x0
 .vfp11_veneer  0x0000000000000000        0x0 linker stubs

.v4_bx          0x0000000000300b64        0x0
 .v4_bx         0x0000000000000000        0x0 linker stubs

.iplt           0x0000000000300b64        0x0
 .iplt          0x0000000000000000        0x0 /home/scott/controller/tap-bootstrap/crt0_gnu.o

.text.startup.main
                0x0000000000300b64      0x11c
 .text.startup.main
                0x0000000000300b64      0x11c /home/scott/controller/tap-bootstrap/main.o
                0x0000000000300b64                main

.text.hw_init   0x0000000000300c80      0x1f4
 .text.hw_init  0x0000000000300c80      0x1f4 /home/scott/controller/tap-bootstrap/board/sama5d3xek/sama5d3xek.o
                0x0000000000300c80                hw_init

.text.nandflash_hw_init
                0x0000000000300e74       0x94
 .text.nandflash_hw_init
                0x0000000000300e74       0x94 /home/scott/controller/tap-bootstrap/board/sama5d3xek/sama5d3xek.o
                0x0000000000300e74                nandflash_hw_init

.text.memset    0x0000000000300f08       0x20
 .text.memset   0x0000000000300f08       0x20 /home/scott/controller/tap-bootstrap/lib/string.o
                0x0000000000300f08                memset

.text.strlen    0x0000000000300f28       0x20
 .text.strlen   0x0000000000300f28       0x20 /home/scott/controller/tap-bootstrap/lib/string.o
                0x0000000000300f28                strlen

.text.strncmp   0x0000000000300f48       0x50
 .text.strncmp  0x0000000000300f48       0x50 /home/scott/controller/tap-bootstrap/lib/string.o
                0x0000000000300f48                strncmp

.text.division  0x0000000000300f98       0x94
 .text.division
                0x0000000000300f98       0x94 /home/scott/controller/tap-bootstrap/lib/div.o
                0x0000000000300f98                division

.text.div       0x000000000030102c       0x2c
 .text.div      0x000000000030102c       0x2c /home/scott/controller/tap-bootstrap/lib/div.o
                0x000000000030102c                div

.text.mod       0x0000000000301058       0x2c
 .text.mod      0x0000000000301058       0x2c /home/scott/controller/tap-bootstrap/lib/div.o
                0x0000000000301058                mod

.text.fill_hex_int
                0x0000000000301084       0x48
 .text.fill_hex_int
                0x0000000000301084       0x48 /home/scott/controller/tap-bootstrap/driver/debug.o

.text.dbg_printf
                0x00000000003010cc      0x148
 .text.dbg_printf
                0x00000000003010cc      0x148 /home/scott/controller/tap-bootstrap/driver/debug.o
                0x00000000003010cc                dbg_printf

.text.slowclk_enable_osc32
                0x0000000000301214       0x20
 .text.slowclk_enable_osc32
                0x0000000000301214       0x20 /home/scott/controller/tap-bootstrap/driver/at91_slowclk.o
                0x0000000000301214                slowclk_enable_osc32

.text.slowclk_switch_osc32
                0x0000000000301234       0x38
 .text.slowclk_switch_osc32
                0x0000000000301234       0x38 /home/scott/controller/tap-bootstrap/driver/at91_slowclk.o
                0x0000000000301234                slowclk_switch_osc32

.text.pio_set_gpio_input
                0x000000000030126c       0x48
 .text.pio_set_gpio_input
                0x000000000030126c       0x48 /home/scott/controller/tap-bootstrap/driver/at91_pio.o
                0x000000000030126c                pio_set_gpio_input

.text.pio_set_gpio_output
                0x00000000003012b4       0x4c
 .text.pio_set_gpio_output
                0x00000000003012b4       0x4c /home/scott/controller/tap-bootstrap/driver/at91_pio.o
                0x00000000003012b4                pio_set_gpio_output

.text.pio_get_value
                0x0000000000301300       0x38
 .text.pio_get_value
                0x0000000000301300       0x38 /home/scott/controller/tap-bootstrap/driver/at91_pio.o
                0x0000000000301300                pio_get_value

.text.pio_configure
                0x0000000000301338      0x160
 .text.pio_configure
                0x0000000000301338      0x160 /home/scott/controller/tap-bootstrap/driver/at91_pio.o
                0x0000000000301338                pio_configure

.text.lowlevel_clock_init
                0x0000000000301498       0xf8
 .text.lowlevel_clock_init
                0x0000000000301498       0xf8 /home/scott/controller/tap-bootstrap/driver/pmc.o
                0x0000000000301498                lowlevel_clock_init

.text.pmc_init_pll
                0x0000000000301590        0xc
 .text.pmc_init_pll
                0x0000000000301590        0xc /home/scott/controller/tap-bootstrap/driver/pmc.o
                0x0000000000301590                pmc_init_pll

.text.pmc_cfg_plla
                0x000000000030159c       0x4c
 .text.pmc_cfg_plla
                0x000000000030159c       0x4c /home/scott/controller/tap-bootstrap/driver/pmc.o
                0x000000000030159c                pmc_cfg_plla

.text.pmc_cfg_mck
                0x00000000003015e8       0xd4
 .text.pmc_cfg_mck
                0x00000000003015e8       0xd4 /home/scott/controller/tap-bootstrap/driver/pmc.o
                0x00000000003015e8                pmc_cfg_mck

.text.pmc_enable_periph_clock
                0x00000000003016bc       0x3c
 .text.pmc_enable_periph_clock
                0x00000000003016bc       0x3c /home/scott/controller/tap-bootstrap/driver/pmc.o
                0x00000000003016bc                pmc_enable_periph_clock

.text.pmc_enable_system_clock
                0x00000000003016f8        0xc
 .text.pmc_enable_system_clock
                0x00000000003016f8        0xc /home/scott/controller/tap-bootstrap/driver/pmc.o
                0x00000000003016f8                pmc_enable_system_clock

.text.timer_init
                0x0000000000301704       0x24
 .text.timer_init
                0x0000000000301704       0x24 /home/scott/controller/tap-bootstrap/driver/at91_pit.o
                0x0000000000301704                timer_init

.text.udelay    0x0000000000301728       0x2c
 .text.udelay   0x0000000000301728       0x2c /home/scott/controller/tap-bootstrap/driver/at91_pit.o
                0x0000000000301728                udelay

.text.start_interval_timer
                0x0000000000301754       0x1c
 .text.start_interval_timer
                0x0000000000301754       0x1c /home/scott/controller/tap-bootstrap/driver/at91_pit.o
                0x0000000000301754                start_interval_timer

.text.wait_interval_timer
                0x0000000000301770       0x38
 .text.wait_interval_timer
                0x0000000000301770       0x38 /home/scott/controller/tap-bootstrap/driver/at91_pit.o
                0x0000000000301770                wait_interval_timer

.text.at91_disable_wdt
                0x00000000003017a8       0x10
 .text.at91_disable_wdt
                0x00000000003017a8       0x10 /home/scott/controller/tap-bootstrap/driver/at91_wdt.o
                0x00000000003017a8                at91_disable_wdt

.text.usart_init
                0x00000000003017b8       0x2c
 .text.usart_init
                0x00000000003017b8       0x2c /home/scott/controller/tap-bootstrap/driver/at91_usart.o
                0x00000000003017b8                usart_init

.text.usart_puts
                0x00000000003017e4       0x50
 .text.usart_puts
                0x00000000003017e4       0x50 /home/scott/controller/tap-bootstrap/driver/at91_usart.o
                0x00000000003017e4                usart_puts

.text.hw_init_hook
                0x0000000000301834       0xc8
 .text.hw_init_hook
                0x0000000000301834       0xc8 /home/scott/controller/tap-bootstrap/driver/hw_init_hook.o
                0x0000000000301834                hw_init_hook

.text.ddram_initialize
                0x00000000003018fc      0x1d0
 .text.ddram_initialize
                0x00000000003018fc      0x1d0 /home/scott/controller/tap-bootstrap/driver/ddramc.o
                0x00000000003018fc                ddram_initialize

.text.nand_command
                0x0000000000301acc       0x20
 .text.nand_command
                0x0000000000301acc       0x20 /home/scott/controller/tap-bootstrap/driver/nandflash.o

.text.nand_address
                0x0000000000301aec       0x20
 .text.nand_address
                0x0000000000301aec       0x20 /home/scott/controller/tap-bootstrap/driver/nandflash.o

.text.nand_command16
                0x0000000000301b0c       0x20
 .text.nand_command16
                0x0000000000301b0c       0x20 /home/scott/controller/tap-bootstrap/driver/nandflash.o

.text.nand_address16
                0x0000000000301b2c       0x20
 .text.nand_address16
                0x0000000000301b2c       0x20 /home/scott/controller/tap-bootstrap/driver/nandflash.o

.text.nand_wait_ready
                0x0000000000301b4c       0x30
 .text.nand_wait_ready
                0x0000000000301b4c       0x30 /home/scott/controller/tap-bootstrap/driver/nandflash.o

.text.nand_get_feature_on_die_ecc
                0x0000000000301b7c       0x2c
 .text.nand_get_feature_on_die_ecc
                0x0000000000301b7c       0x2c /home/scott/controller/tap-bootstrap/driver/nandflash.o

.text.nand_read_sector
                0x0000000000301ba8      0x1bc
 .text.nand_read_sector
                0x0000000000301ba8      0x1bc /home/scott/controller/tap-bootstrap/driver/nandflash.o

.text.nand_loadimage
                0x0000000000301d64      0x188
 .text.nand_loadimage
                0x0000000000301d64      0x188 /home/scott/controller/tap-bootstrap/driver/nandflash.o

.text.load_nandflash
                0x0000000000301eec      0x410
 .text.load_nandflash
                0x0000000000301eec      0x410 /home/scott/controller/tap-bootstrap/driver/nandflash.o
                0x0000000000301eec                load_nandflash

.text.get_sigma
                0x00000000003022fc      0x590
 .text.get_sigma
                0x00000000003022fc      0x590 /home/scott/controller/tap-bootstrap/driver/pmecc.o

.text.get_pmecc_bytes
                0x000000000030288c       0x70
 .text.get_pmecc_bytes
                0x000000000030288c       0x70 /home/scott/controller/tap-bootstrap/driver/pmecc.o
                0x000000000030288c                get_pmecc_bytes

.text.init_pmecc
                0x00000000003028fc      0x1a4
 .text.init_pmecc
                0x00000000003028fc      0x1a4 /home/scott/controller/tap-bootstrap/driver/pmecc.o
                0x00000000003028fc                init_pmecc

.text.pmecc_enable
                0x0000000000302aa0       0x24
 .text.pmecc_enable
                0x0000000000302aa0       0x24 /home/scott/controller/tap-bootstrap/driver/pmecc.o
                0x0000000000302aa0                pmecc_enable

.text.pmecc_start_data_phase
                0x0000000000302ac4       0x18
 .text.pmecc_start_data_phase
                0x0000000000302ac4       0x18 /home/scott/controller/tap-bootstrap/driver/pmecc.o
                0x0000000000302ac4                pmecc_start_data_phase

.text.PMECC_CorrectionAlgo
                0x0000000000302adc      0x394
 .text.PMECC_CorrectionAlgo
                0x0000000000302adc      0x394 /home/scott/controller/tap-bootstrap/driver/pmecc.o
                0x0000000000302adc                PMECC_CorrectionAlgo

.text.pmecc_process
                0x0000000000302e70       0xc0
 .text.pmecc_process
                0x0000000000302e70       0xc0 /home/scott/controller/tap-bootstrap/driver/pmecc.o
                0x0000000000302e70                pmecc_process

.text.set_wire_low
                0x0000000000302f30        0xc
 .text.set_wire_low
                0x0000000000302f30        0xc /home/scott/controller/tap-bootstrap/driver/ds24xx.o

.text.set_wire_input
                0x0000000000302f3c        0xc
 .text.set_wire_input
                0x0000000000302f3c        0xc /home/scott/controller/tap-bootstrap/driver/ds24xx.o

.text.ds24xx_read_bit
                0x0000000000302f48       0x38
 .text.ds24xx_read_bit
                0x0000000000302f48       0x38 /home/scott/controller/tap-bootstrap/driver/ds24xx.o

.text.normalize_rev_code
                0x0000000000302f80       0x34
 .text.normalize_rev_code
                0x0000000000302f80       0x34 /home/scott/controller/tap-bootstrap/driver/ds24xx.o

.text.normalize_rev_id
                0x0000000000302fb4       0x34
 .text.normalize_rev_id
                0x0000000000302fb4       0x34 /home/scott/controller/tap-bootstrap/driver/ds24xx.o

.text.ds24xx_write_bit.part.2
                0x0000000000302fe8       0x20
 .text.ds24xx_write_bit.part.2
                0x0000000000302fe8       0x20 /home/scott/controller/tap-bootstrap/driver/ds24xx.o

.text.ds24xx_reset
                0x0000000000303008       0x38
 .text.ds24xx_reset
                0x0000000000303008       0x38 /home/scott/controller/tap-bootstrap/driver/ds24xx.o

.text.ds24xx_write_byte
                0x0000000000303040       0x44
 .text.ds24xx_write_byte
                0x0000000000303040       0x44 /home/scott/controller/tap-bootstrap/driver/ds24xx.o

.text.ds24xx_search_rom
                0x0000000000303084      0x1ac
 .text.ds24xx_search_rom
                0x0000000000303084      0x1ac /home/scott/controller/tap-bootstrap/driver/ds24xx.o

.text.load_1wire_info
                0x0000000000303230      0x648
 .text.load_1wire_info
                0x0000000000303230      0x648 /home/scott/controller/tap-bootstrap/driver/ds24xx.o
                0x0000000000303230                load_1wire_info

.rel.dyn        0x0000000000303878        0x0
 .rel.iplt      0x0000000000000000        0x0 /home/scott/controller/tap-bootstrap/crt0_gnu.o
                0x0000000000303878                . = ALIGN (0x4)

.dummy          0x0000000000303878        0x0
                0x0000000000303878                _edummy = .

.data           0x0000000000303878        0x0
                0x0000000000303878                _sdata = .
 *(.vectors)
 *(.data)
                0x0000000000303878                _edata = .

.igot.plt       0x0000000000303878        0x0
 .igot.plt      0x0000000000000000        0x0 /home/scott/controller/tap-bootstrap/crt0_gnu.o

.bss            0x0000000000303878     0x13a0
                0x0000000000303878                . = ALIGN (0x4)
                0x0000000000303878                _sbss = .
 *(.bss)
 .bss           0x0000000000303878        0x8 /home/scott/controller/tap-bootstrap/main.o
                0x000000000030387c                sdcard_set_of_name
 .bss           0x0000000000303880       0x80 /home/scott/controller/tap-bootstrap/driver/debug.o
 .bss           0x0000000000303900        0x4 /home/scott/controller/tap-bootstrap/driver/at91_pit.o
 .bss           0x0000000000303904      0x414 /home/scott/controller/tap-bootstrap/driver/nandflash.o
 .bss           0x0000000000303d18      0x234 /home/scott/controller/tap-bootstrap/driver/ds24xx.o
                0x0000000000303f4c                _ebss = .
 COMMON         0x0000000000303f4c      0xccc /home/scott/controller/tap-bootstrap/driver/nandflash.o
                0x0000000000303f4c                PMECC_paramDesc
                0x0000000000003878                _romsize = (_edata - _stext)
                0x0000000000304c18                end = .
Address of section .text set to 0x300000
LOAD /home/scott/controller/tap-bootstrap/crt0_gnu.o
LOAD /home/scott/controller/tap-bootstrap/main.o
LOAD /home/scott/controller/tap-bootstrap/board/sama5d3xek/sama5d3xek.o
LOAD /home/scott/controller/tap-bootstrap/lib/string.o
LOAD /home/scott/controller/tap-bootstrap/lib/eabi_utils.o
LOAD /home/scott/controller/tap-bootstrap/lib/div.o
LOAD /home/scott/controller/tap-bootstrap/driver/debug.o
LOAD /home/scott/controller/tap-bootstrap/driver/at91_slowclk.o
LOAD /home/scott/controller/tap-bootstrap/driver/at91_pio.o
LOAD /home/scott/controller/tap-bootstrap/driver/pmc.o
LOAD /home/scott/controller/tap-bootstrap/driver/at91_pit.o
LOAD /home/scott/controller/tap-bootstrap/driver/at91_wdt.o
LOAD /home/scott/controller/tap-bootstrap/driver/at91_usart.o
LOAD /home/scott/controller/tap-bootstrap/driver/hw_init_hook.o
LOAD /home/scott/controller/tap-bootstrap/driver/ddramc.o
LOAD /home/scott/controller/tap-bootstrap/driver/nandflash.o
LOAD /home/scott/controller/tap-bootstrap/driver/pmecc.o
LOAD /home/scott/controller/tap-bootstrap/driver/ds24xx.o
OUTPUT(/home/scott/controller/tap-bootstrap/binaries/sama5d3xek-nandflashboot-uboot-3.6.2.elf elf32-littlearm)

start           0x0000000000000000        0x0
                0x0000000000000000                PROVIDE (__start_start, .)
 start          0x0000000000000000        0x0 /home/scott/controller/tap-bootstrap/crt0_gnu.o
                0x0000000000000000                PROVIDE (__stop_start, .)

.ARM.attributes
                0x0000000000000000       0x26
 .ARM.attributes
                0x0000000000000000       0x1a /home/scott/controller/tap-bootstrap/crt0_gnu.o
 .ARM.attributes
                0x000000000000001a       0x2a /home/scott/controller/tap-bootstrap/main.o
 .ARM.attributes
                0x0000000000000044       0x2a /home/scott/controller/tap-bootstrap/board/sama5d3xek/sama5d3xek.o
 .ARM.attributes
                0x000000000000006e       0x2a /home/scott/controller/tap-bootstrap/lib/string.o
 .ARM.attributes
                0x0000000000000098       0x2a /home/scott/controller/tap-bootstrap/lib/div.o
 .ARM.attributes
                0x00000000000000c2       0x2a /home/scott/controller/tap-bootstrap/driver/debug.o
 .ARM.attributes
                0x00000000000000ec       0x2a /home/scott/controller/tap-bootstrap/driver/at91_slowclk.o
 .ARM.attributes
                0x0000000000000116       0x2a /home/scott/controller/tap-bootstrap/driver/at91_pio.o
 .ARM.attributes
                0x0000000000000140       0x2a /home/scott/controller/tap-bootstrap/driver/pmc.o
 .ARM.attributes
                0x000000000000016a       0x2a /home/scott/controller/tap-bootstrap/driver/at91_pit.o
 .ARM.attributes
                0x0000000000000194       0x2a /home/scott/controller/tap-bootstrap/driver/at91_wdt.o
 .ARM.attributes
                0x00000000000001be       0x2a /home/scott/controller/tap-bootstrap/driver/at91_usart.o
 .ARM.attributes
                0x00000000000001e8       0x2a /home/scott/controller/tap-bootstrap/driver/hw_init_hook.o
 .ARM.attributes
                0x0000000000000212       0x2a /home/scott/controller/tap-bootstrap/driver/ddramc.o
 .ARM.attributes
                0x000000000000023c       0x2a /home/scott/controller/tap-bootstrap/driver/nandflash.o
 .ARM.attributes
                0x0000000000000266       0x2a /home/scott/controller/tap-bootstrap/driver/pmecc.o
 .ARM.attributes
                0x0000000000000290       0x2a /home/scott/controller/tap-bootstrap/driver/ds24xx.o

.comment        0x0000000000000000       0x2b
 .comment       0x0000000000000000       0x2b /home/scott/controller/tap-bootstrap/main.o
                                         0x2c (size before relaxing)
 .comment       0x0000000000000000       0x2c /home/scott/controller/tap-bootstrap/board/sama5d3xek/sama5d3xek.o
 .comment       0x0000000000000000       0x2c /home/scott/controller/tap-bootstrap/lib/string.o
 .comment       0x0000000000000000       0x2c /home/scott/controller/tap-bootstrap/lib/div.o
 .comment       0x0000000000000000       0x2c /home/scott/controller/tap-bootstrap/driver/debug.o
 .comment       0x0000000000000000       0x2c /home/scott/controller/tap-bootstrap/driver/at91_slowclk.o
 .comment       0x0000000000000000       0x2c /home/scott/controller/tap-bootstrap/driver/at91_pio.o
 .comment       0x0000000000000000       0x2c /home/scott/controller/tap-bootstrap/driver/pmc.o
 .comment       0x0000000000000000       0x2c /home/scott/controller/tap-bootstrap/driver/at91_pit.o
 .comment       0x0000000000000000       0x2c /home/scott/controller/tap-bootstrap/driver/at91_wdt.o
 .comment       0x0000000000000000       0x2c /home/scott/controller/tap-bootstrap/driver/at91_usart.o
 .comment       0x0000000000000000       0x2c /home/scott/controller/tap-bootstrap/driver/hw_init_hook.o
 .comment       0x0000000000000000       0x2c /home/scott/controller/tap-bootstrap/driver/ddramc.o
 .comment       0x0000000000000000       0x2c /home/scott/controller/tap-bootstrap/driver/nandflash.o
 .comment       0x0000000000000000       0x2c /home/scott/controller/tap-bootstrap/driver/pmecc.o
 .comment       0x0000000000000000       0x2c /home/scott/controller/tap-bootstrap/driver/ds24xx.o

.note.GNU-stack
                0x0000000000000000        0x0
 .note.GNU-stack
                0x0000000000000000        0x0 /home/scott/controller/tap-bootstrap/main.o
 .note.GNU-stack
                0x0000000000000000        0x0 /home/scott/controller/tap-bootstrap/board/sama5d3xek/sama5d3xek.o
 .note.GNU-stack
                0x0000000000000000        0x0 /home/scott/controller/tap-bootstrap/lib/string.o
 .note.GNU-stack
                0x0000000000000000        0x0 /home/scott/controller/tap-bootstrap/lib/div.o
 .note.GNU-stack
                0x0000000000000000        0x0 /home/scott/controller/tap-bootstrap/driver/debug.o
 .note.GNU-stack
                0x0000000000000000        0x0 /home/scott/controller/tap-bootstrap/driver/at91_slowclk.o
 .note.GNU-stack
                0x0000000000000000        0x0 /home/scott/controller/tap-bootstrap/driver/at91_pio.o
 .note.GNU-stack
                0x0000000000000000        0x0 /home/scott/controller/tap-bootstrap/driver/pmc.o
 .note.GNU-stack
                0x0000000000000000        0x0 /home/scott/controller/tap-bootstrap/driver/at91_pit.o
 .note.GNU-stack
                0x0000000000000000        0x0 /home/scott/controller/tap-bootstrap/driver/at91_wdt.o
 .note.GNU-stack
                0x0000000000000000        0x0 /home/scott/controller/tap-bootstrap/driver/at91_usart.o
 .note.GNU-stack
                0x0000000000000000        0x0 /home/scott/controller/tap-bootstrap/driver/hw_init_hook.o
 .note.GNU-stack
                0x0000000000000000        0x0 /home/scott/controller/tap-bootstrap/driver/ddramc.o
 .note.GNU-stack
                0x0000000000000000        0x0 /home/scott/controller/tap-bootstrap/driver/nandflash.o
 .note.GNU-stack
                0x0000000000000000        0x0 /home/scott/controller/tap-bootstrap/driver/pmecc.o
 .note.GNU-stack
                0x0000000000000000        0x0 /home/scott/controller/tap-bootstrap/driver/ds24xx.o

.debug_line     0x0000000000000000     0x1cdf
 .debug_line    0x0000000000000000       0xb3 /home/scott/controller/tap-bootstrap/crt0_gnu.o
 .debug_line    0x00000000000000b3       0xf7 /home/scott/controller/tap-bootstrap/main.o
 .debug_line    0x00000000000001aa      0x156 /home/scott/controller/tap-bootstrap/board/sama5d3xek/sama5d3xek.o
 .debug_line    0x0000000000000300      0x184 /home/scott/controller/tap-bootstrap/lib/string.o
 .debug_line    0x0000000000000484       0xc0 /home/scott/controller/tap-bootstrap/lib/div.o
 .debug_line    0x0000000000000544      0x178 /home/scott/controller/tap-bootstrap/driver/debug.o
 .debug_line    0x00000000000006bc       0xa3 /home/scott/controller/tap-bootstrap/driver/at91_slowclk.o
 .debug_line    0x000000000000075f      0x1bf /home/scott/controller/tap-bootstrap/driver/at91_pio.o
 .debug_line    0x000000000000091e      0x268 /home/scott/controller/tap-bootstrap/driver/pmc.o
 .debug_line    0x0000000000000b86      0x105 /home/scott/controller/tap-bootstrap/driver/at91_pit.o
 .debug_line    0x0000000000000c8b       0x67 /home/scott/controller/tap-bootstrap/driver/at91_wdt.o
 .debug_line    0x0000000000000cf2       0xce /home/scott/controller/tap-bootstrap/driver/at91_usart.o
 .debug_line    0x0000000000000dc0       0x7a /home/scott/controller/tap-bootstrap/driver/hw_init_hook.o
 .debug_line    0x0000000000000e3a      0x1b4 /home/scott/controller/tap-bootstrap/driver/ddramc.o
 .debug_line    0x0000000000000fee      0x370 /home/scott/controller/tap-bootstrap/driver/nandflash.o
 .debug_line    0x000000000000135e      0x5b2 /home/scott/controller/tap-bootstrap/driver/pmecc.o
 .debug_line    0x0000000000001910      0x3cf /home/scott/controller/tap-bootstrap/driver/ds24xx.o

.debug_info     0x0000000000000000     0x69c3
 .debug_info    0x0000000000000000       0x7b /home/scott/controller/tap-bootstrap/crt0_gnu.o
 .debug_info    0x000000000000007b      0x41f /home/scott/controller/tap-bootstrap/main.o
 .debug_info    0x000000000000049a      0x67b /home/scott/controller/tap-bootstrap/board/sama5d3xek/sama5d3xek.o
 .debug_info    0x0000000000000b15      0x402 /home/scott/controller/tap-bootstrap/lib/string.o
 .debug_info    0x0000000000000f17      0x263 /home/scott/controller/tap-bootstrap/lib/div.o
 .debug_info    0x000000000000117a      0x299 /home/scott/controller/tap-bootstrap/driver/debug.o
 .debug_info    0x0000000000001413       0xf4 /home/scott/controller/tap-bootstrap/driver/at91_slowclk.o
 .debug_info    0x0000000000001507      0xa0c /home/scott/controller/tap-bootstrap/driver/at91_pio.o
 .debug_info    0x0000000000001f13      0x6ec /home/scott/controller/tap-bootstrap/driver/pmc.o
 .debug_info    0x00000000000025ff      0x24d /home/scott/controller/tap-bootstrap/driver/at91_pit.o
 .debug_info    0x000000000000284c       0x3b /home/scott/controller/tap-bootstrap/driver/at91_wdt.o
 .debug_info    0x0000000000002887      0x299 /home/scott/controller/tap-bootstrap/driver/at91_usart.o
 .debug_info    0x0000000000002b20      0x21d /home/scott/controller/tap-bootstrap/driver/hw_init_hook.o
 .debug_info    0x0000000000002d3d      0x730 /home/scott/controller/tap-bootstrap/driver/ddramc.o
 .debug_info    0x000000000000346d     0x13bd /home/scott/controller/tap-bootstrap/driver/nandflash.o
 .debug_info    0x000000000000482a     0x10cf /home/scott/controller/tap-bootstrap/driver/pmecc.o
 .debug_info    0x00000000000058f9     0x10ca /home/scott/controller/tap-bootstrap/driver/ds24xx.o

.debug_abbrev   0x0000000000000000     0x1c0b
 .debug_abbrev  0x0000000000000000       0x14 /home/scott/controller/tap-bootstrap/crt0_gnu.o
 .debug_abbrev  0x0000000000000014      0x209 /home/scott/controller/tap-bootstrap/main.o
 .debug_abbrev  0x000000000000021d      0x210 /home/scott/controller/tap-bootstrap/board/sama5d3xek/sama5d3xek.o
 .debug_abbrev  0x000000000000042d       0xe3 /home/scott/controller/tap-bootstrap/lib/string.o
 .debug_abbrev  0x0000000000000510      0x136 /home/scott/controller/tap-bootstrap/lib/div.o
 .debug_abbrev  0x0000000000000646      0x1a2 /home/scott/controller/tap-bootstrap/driver/debug.o
 .debug_abbrev  0x00000000000007e8       0xc4 /home/scott/controller/tap-bootstrap/driver/at91_slowclk.o
 .debug_abbrev  0x00000000000008ac      0x1cf /home/scott/controller/tap-bootstrap/driver/at91_pio.o
 .debug_abbrev  0x0000000000000a7b      0x175 /home/scott/controller/tap-bootstrap/driver/pmc.o
 .debug_abbrev  0x0000000000000bf0      0x16a /home/scott/controller/tap-bootstrap/driver/at91_pit.o
 .debug_abbrev  0x0000000000000d5a       0x2c /home/scott/controller/tap-bootstrap/driver/at91_wdt.o
 .debug_abbrev  0x0000000000000d86      0x167 /home/scott/controller/tap-bootstrap/driver/at91_usart.o
 .debug_abbrev  0x0000000000000eed       0x89 /home/scott/controller/tap-bootstrap/driver/hw_init_hook.o
 .debug_abbrev  0x0000000000000f76      0x174 /home/scott/controller/tap-bootstrap/driver/ddramc.o
 .debug_abbrev  0x00000000000010ea      0x3b4 /home/scott/controller/tap-bootstrap/driver/nandflash.o
 .debug_abbrev  0x000000000000149e      0x3cd /home/scott/controller/tap-bootstrap/driver/pmecc.o
 .debug_abbrev  0x000000000000186b      0x3a0 /home/scott/controller/tap-bootstrap/driver/ds24xx.o

.debug_aranges  0x0000000000000000      0x410
 .debug_aranges
                0x0000000000000000       0x20 /home/scott/controller/tap-bootstrap/crt0_gnu.o
 .debug_aranges
                0x0000000000000020       0x20 /home/scott/controller/tap-bootstrap/main.o
 .debug_aranges
                0x0000000000000040       0x28 /home/scott/controller/tap-bootstrap/board/sama5d3xek/sama5d3xek.o
 .debug_aranges
                0x0000000000000068       0x70 /home/scott/controller/tap-bootstrap/lib/string.o
 .debug_aranges
                0x00000000000000d8       0x30 /home/scott/controller/tap-bootstrap/lib/div.o
 .debug_aranges
                0x0000000000000108       0x28 /home/scott/controller/tap-bootstrap/driver/debug.o
 .debug_aranges
                0x0000000000000130       0x28 /home/scott/controller/tap-bootstrap/driver/at91_slowclk.o
 .debug_aranges
                0x0000000000000158       0x40 /home/scott/controller/tap-bootstrap/driver/at91_pio.o
 .debug_aranges
                0x0000000000000198       0x58 /home/scott/controller/tap-bootstrap/driver/pmc.o
 .debug_aranges
                0x00000000000001f0       0x38 /home/scott/controller/tap-bootstrap/driver/at91_pit.o
 .debug_aranges
                0x0000000000000228       0x20 /home/scott/controller/tap-bootstrap/driver/at91_wdt.o
 .debug_aranges
                0x0000000000000248       0x30 /home/scott/controller/tap-bootstrap/driver/at91_usart.o
 .debug_aranges
                0x0000000000000278       0x20 /home/scott/controller/tap-bootstrap/driver/hw_init_hook.o
 .debug_aranges
                0x0000000000000298       0x20 /home/scott/controller/tap-bootstrap/driver/ddramc.o
 .debug_aranges
                0x00000000000002b8       0x60 /home/scott/controller/tap-bootstrap/driver/nandflash.o
 .debug_aranges
                0x0000000000000318       0x60 /home/scott/controller/tap-bootstrap/driver/pmecc.o
 .debug_aranges
                0x0000000000000378       0x98 /home/scott/controller/tap-bootstrap/driver/ds24xx.o

.debug_loc      0x0000000000000000     0x3a47
 .debug_loc     0x0000000000000000       0x6f /home/scott/controller/tap-bootstrap/main.o
 .debug_loc     0x000000000000006f      0x109 /home/scott/controller/tap-bootstrap/board/sama5d3xek/sama5d3xek.o
 .debug_loc     0x0000000000000178      0x4ee /home/scott/controller/tap-bootstrap/lib/string.o
 .debug_loc     0x0000000000000666      0x24e /home/scott/controller/tap-bootstrap/lib/div.o
 .debug_loc     0x00000000000008b4      0x1ae /home/scott/controller/tap-bootstrap/driver/debug.o
 .debug_loc     0x0000000000000a62       0x71 /home/scott/controller/tap-bootstrap/driver/at91_slowclk.o
 .debug_loc     0x0000000000000ad3      0x62c /home/scott/controller/tap-bootstrap/driver/at91_pio.o
 .debug_loc     0x00000000000010ff      0x629 /home/scott/controller/tap-bootstrap/driver/pmc.o
 .debug_loc     0x0000000000001728       0xa8 /home/scott/controller/tap-bootstrap/driver/at91_pit.o
 .debug_loc     0x00000000000017d0       0xd8 /home/scott/controller/tap-bootstrap/driver/at91_usart.o
 .debug_loc     0x00000000000018a8       0x20 /home/scott/controller/tap-bootstrap/driver/hw_init_hook.o
 .debug_loc     0x00000000000018c8      0x130 /home/scott/controller/tap-bootstrap/driver/ddramc.o
 .debug_loc     0x00000000000019f8      0xb66 /home/scott/controller/tap-bootstrap/driver/nandflash.o
 .debug_loc     0x000000000000255e      0xd63 /home/scott/controller/tap-bootstrap/driver/pmecc.o
 .debug_loc     0x00000000000032c1      0x786 /home/scott/controller/tap-bootstrap/driver/ds24xx.o

.debug_ranges   0x0000000000000000      0xc20
 .debug_ranges  0x0000000000000000       0x28 /home/scott/controller/tap-bootstrap/main.o
 .debug_ranges  0x0000000000000028       0xc0 /home/scott/controller/tap-bootstrap/board/sama5d3xek/sama5d3xek.o
 .debug_ranges  0x00000000000000e8       0x60 /home/scott/controller/tap-bootstrap/lib/string.o
 .debug_ranges  0x0000000000000148       0x50 /home/scott/controller/tap-bootstrap/lib/div.o
 .debug_ranges  0x0000000000000198       0x18 /home/scott/controller/tap-bootstrap/driver/debug.o
 .debug_ranges  0x00000000000001b0       0x18 /home/scott/controller/tap-bootstrap/driver/at91_slowclk.o
 .debug_ranges  0x00000000000001c8      0x128 /home/scott/controller/tap-bootstrap/driver/at91_pio.o
 .debug_ranges  0x00000000000002f0       0xd8 /home/scott/controller/tap-bootstrap/driver/pmc.o
 .debug_ranges  0x00000000000003c8       0xa0 /home/scott/controller/tap-bootstrap/driver/at91_pit.o
 .debug_ranges  0x0000000000000468       0x10 /home/scott/controller/tap-bootstrap/driver/at91_wdt.o
 .debug_ranges  0x0000000000000478       0x90 /home/scott/controller/tap-bootstrap/driver/at91_usart.o
 .debug_ranges  0x0000000000000508       0x10 /home/scott/controller/tap-bootstrap/driver/hw_init_hook.o
 .debug_ranges  0x0000000000000518       0xa0 /home/scott/controller/tap-bootstrap/driver/ddramc.o
 .debug_ranges  0x00000000000005b8      0x2f8 /home/scott/controller/tap-bootstrap/driver/nandflash.o
 .debug_ranges  0x00000000000008b0      0x190 /home/scott/controller/tap-bootstrap/driver/pmecc.o
 .debug_ranges  0x0000000000000a40      0x1e0 /home/scott/controller/tap-bootstrap/driver/ds24xx.o

.debug_str      0x0000000000000000     0x1523
 .debug_str     0x0000000000000000      0x159 /home/scott/controller/tap-bootstrap/main.o
                                        0x195 (size before relaxing)
 .debug_str     0x0000000000000159      0x289 /home/scott/controller/tap-bootstrap/board/sama5d3xek/sama5d3xek.o
                                        0x2fb (size before relaxing)
 .debug_str     0x00000000000003e2       0x7a /home/scott/controller/tap-bootstrap/lib/string.o
                                         0xd2 (size before relaxing)
 .debug_str     0x000000000000045c       0x7a /home/scott/controller/tap-bootstrap/lib/div.o
                                         0xa7 (size before relaxing)
 .debug_str     0x00000000000004d6       0xd2 /home/scott/controller/tap-bootstrap/driver/debug.o
                                        0x16b (size before relaxing)
 .debug_str     0x00000000000005a8       0x64 /home/scott/controller/tap-bootstrap/driver/at91_slowclk.o
                                         0xae (size before relaxing)
 .debug_str     0x000000000000060c       0xf4 /home/scott/controller/tap-bootstrap/driver/at91_pio.o
                                        0x1e8 (size before relaxing)
 .debug_str     0x0000000000000700       0xce /home/scott/controller/tap-bootstrap/driver/pmc.o
                                        0x16f (size before relaxing)
 .debug_str     0x00000000000007ce       0x7d /home/scott/controller/tap-bootstrap/driver/at91_pit.o
                                         0xfa (size before relaxing)
 .debug_str     0x000000000000084b       0x37 /home/scott/controller/tap-bootstrap/driver/at91_wdt.o
                                         0x54 (size before relaxing)
 .debug_str     0x0000000000000882       0x6f /home/scott/controller/tap-bootstrap/driver/at91_usart.o
                                         0xb0 (size before relaxing)
 .debug_str     0x00000000000008f1       0x3b /home/scott/controller/tap-bootstrap/driver/hw_init_hook.o
                                         0x7b (size before relaxing)
 .debug_str     0x000000000000092c       0x93 /home/scott/controller/tap-bootstrap/driver/ddramc.o
                                        0x13f (size before relaxing)
 .debug_str     0x00000000000009bf      0x495 /home/scott/controller/tap-bootstrap/driver/nandflash.o
                                        0x627 (size before relaxing)
 .debug_str     0x0000000000000e54      0x2bc /home/scott/controller/tap-bootstrap/driver/pmecc.o
                                        0x561 (size before relaxing)
 .debug_str     0x0000000000001110      0x413 /home/scott/controller/tap-bootstrap/driver/ds24xx.o
                                        0x52e (size before relaxing)

.debug_frame    0x0000000000000000      0x7d0
 .debug_frame   0x0000000000000000       0x2c /home/scott/controller/tap-bootstrap/main.o
 .debug_frame   0x000000000000002c       0x44 /home/scott/controller/tap-bootstrap/board/sama5d3xek/sama5d3xek.o
 .debug_frame   0x0000000000000070       0xd4 /home/scott/controller/tap-bootstrap/lib/string.o
 .debug_frame   0x0000000000000144       0x68 /home/scott/controller/tap-bootstrap/lib/div.o
 .debug_frame   0x00000000000001ac       0x60 /home/scott/controller/tap-bootstrap/driver/debug.o
 .debug_frame   0x000000000000020c       0x40 /home/scott/controller/tap-bootstrap/driver/at91_slowclk.o
 .debug_frame   0x000000000000024c       0x6c /home/scott/controller/tap-bootstrap/driver/at91_pio.o
 .debug_frame   0x00000000000002b8       0x90 /home/scott/controller/tap-bootstrap/driver/pmc.o
 .debug_frame   0x0000000000000348       0x58 /home/scott/controller/tap-bootstrap/driver/at91_pit.o
 .debug_frame   0x00000000000003a0       0x20 /home/scott/controller/tap-bootstrap/driver/at91_wdt.o
 .debug_frame   0x00000000000003c0       0x48 /home/scott/controller/tap-bootstrap/driver/at91_usart.o
 .debug_frame   0x0000000000000408       0x28 /home/scott/controller/tap-bootstrap/driver/hw_init_hook.o
 .debug_frame   0x0000000000000430       0x3c /home/scott/controller/tap-bootstrap/driver/ddramc.o
 .debug_frame   0x000000000000046c      0x100 /home/scott/controller/tap-bootstrap/driver/nandflash.o
 .debug_frame   0x000000000000056c       0xfc /home/scott/controller/tap-bootstrap/driver/pmecc.o
 .debug_frame   0x0000000000000668      0x168 /home/scott/controller/tap-bootstrap/driver/ds24xx.o

Cross Reference Table

Symbol                                            File
PMECC_CorrectionAlgo                              /home/scott/controller/tap-bootstrap/driver/pmecc.o
PMECC_paramDesc                                   /home/scott/controller/tap-bootstrap/driver/pmecc.o
                                                  /home/scott/controller/tap-bootstrap/driver/nandflash.o
__aeabi_unwind_cpp_pr0                            /home/scott/controller/tap-bootstrap/lib/eabi_utils.o
__aeabi_unwind_cpp_pr1                            /home/scott/controller/tap-bootstrap/lib/eabi_utils.o
_ebss                                             /home/scott/controller/tap-bootstrap/crt0_gnu.o
_edata                                            /home/scott/controller/tap-bootstrap/crt0_gnu.o
_edummy                                           /home/scott/controller/tap-bootstrap/crt0_gnu.o
_romsize                                          /home/scott/controller/tap-bootstrap/crt0_gnu.o
_sbss                                             /home/scott/controller/tap-bootstrap/crt0_gnu.o
_sdata                                            /home/scott/controller/tap-bootstrap/crt0_gnu.o
at91_disable_wdt                                  /home/scott/controller/tap-bootstrap/driver/at91_wdt.o
                                                  /home/scott/controller/tap-bootstrap/board/sama5d3xek/sama5d3xek.o
buf_dump                                          /home/scott/controller/tap-bootstrap/driver/pmecc.o
dbg_printf                                        /home/scott/controller/tap-bootstrap/driver/debug.o
                                                  /home/scott/controller/tap-bootstrap/driver/ds24xx.o
                                                  /home/scott/controller/tap-bootstrap/driver/pmecc.o
                                                  /home/scott/controller/tap-bootstrap/driver/nandflash.o
ddram_initialize                                  /home/scott/controller/tap-bootstrap/driver/ddramc.o
                                                  /home/scott/controller/tap-bootstrap/board/sama5d3xek/sama5d3xek.o
disable_dcache                                    /home/scott/controller/tap-bootstrap/crt0_gnu.o
disable_icache                                    /home/scott/controller/tap-bootstrap/crt0_gnu.o
disable_irq                                       /home/scott/controller/tap-bootstrap/crt0_gnu.o
div                                               /home/scott/controller/tap-bootstrap/lib/div.o
                                                  /home/scott/controller/tap-bootstrap/driver/pmecc.o
                                                  /home/scott/controller/tap-bootstrap/driver/nandflash.o
division                                          /home/scott/controller/tap-bootstrap/lib/div.o
                                                  /home/scott/controller/tap-bootstrap/driver/nandflash.o
flush_idcache                                     /home/scott/controller/tap-bootstrap/crt0_gnu.o
get_cm_rev                                        /home/scott/controller/tap-bootstrap/driver/ds24xx.o
get_cm_sn                                         /home/scott/controller/tap-bootstrap/driver/ds24xx.o
get_cm_vendor                                     /home/scott/controller/tap-bootstrap/driver/ds24xx.o
get_cp15                                          /home/scott/controller/tap-bootstrap/crt0_gnu.o
get_cpsr                                          /home/scott/controller/tap-bootstrap/crt0_gnu.o
get_dm_sn                                         /home/scott/controller/tap-bootstrap/driver/ds24xx.o
get_pmecc_bytes                                   /home/scott/controller/tap-bootstrap/driver/pmecc.o
                                                  /home/scott/controller/tap-bootstrap/driver/nandflash.o
get_sys_rev                                       /home/scott/controller/tap-bootstrap/driver/ds24xx.o
get_sys_sn                                        /home/scott/controller/tap-bootstrap/driver/ds24xx.o
hw_init                                           /home/scott/controller/tap-bootstrap/board/sama5d3xek/sama5d3xek.o
                                                  /home/scott/controller/tap-bootstrap/main.o
hw_init_hook                                      /home/scott/controller/tap-bootstrap/driver/hw_init_hook.o
                                                  /home/scott/controller/tap-bootstrap/board/sama5d3xek/sama5d3xek.o
init_pmecc                                        /home/scott/controller/tap-bootstrap/driver/pmecc.o
                                                  /home/scott/controller/tap-bootstrap/driver/nandflash.o
load_1wire_info                                   /home/scott/controller/tap-bootstrap/driver/ds24xx.o
                                                  /home/scott/controller/tap-bootstrap/main.o
load_nandflash                                    /home/scott/controller/tap-bootstrap/driver/nandflash.o
                                                  /home/scott/controller/tap-bootstrap/main.o
lowlevel_clock_init                               /home/scott/controller/tap-bootstrap/driver/pmc.o
                                                  /home/scott/controller/tap-bootstrap/crt0_gnu.o
main                                              /home/scott/controller/tap-bootstrap/main.o
                                                  /home/scott/controller/tap-bootstrap/crt0_gnu.o
memchr                                            /home/scott/controller/tap-bootstrap/lib/string.o
memcmp                                            /home/scott/controller/tap-bootstrap/lib/string.o
memcpy                                            /home/scott/controller/tap-bootstrap/lib/string.o
memmove                                           /home/scott/controller/tap-bootstrap/lib/string.o
memset                                            /home/scott/controller/tap-bootstrap/lib/string.o
                                                  /home/scott/controller/tap-bootstrap/driver/ds24xx.o
                                                  /home/scott/controller/tap-bootstrap/main.o
mod                                               /home/scott/controller/tap-bootstrap/lib/div.o
                                                  /home/scott/controller/tap-bootstrap/driver/pmecc.o
nandflash_hw_init                                 /home/scott/controller/tap-bootstrap/board/sama5d3xek/sama5d3xek.o
                                                  /home/scott/controller/tap-bootstrap/driver/nandflash.o
page_dump                                         /home/scott/controller/tap-bootstrap/driver/pmecc.o
pio_configure                                     /home/scott/controller/tap-bootstrap/driver/at91_pio.o
                                                  /home/scott/controller/tap-bootstrap/board/sama5d3xek/sama5d3xek.o
pio_get_value                                     /home/scott/controller/tap-bootstrap/driver/at91_pio.o
                                                  /home/scott/controller/tap-bootstrap/driver/ds24xx.o
pio_set_gpio_input                                /home/scott/controller/tap-bootstrap/driver/at91_pio.o
                                                  /home/scott/controller/tap-bootstrap/driver/ds24xx.o
                                                  /home/scott/controller/tap-bootstrap/driver/hw_init_hook.o
pio_set_gpio_output                               /home/scott/controller/tap-bootstrap/driver/at91_pio.o
                                                  /home/scott/controller/tap-bootstrap/driver/ds24xx.o
                                                  /home/scott/controller/tap-bootstrap/driver/hw_init_hook.o
                                                  /home/scott/controller/tap-bootstrap/board/sama5d3xek/sama5d3xek.o
pio_set_value                                     /home/scott/controller/tap-bootstrap/driver/at91_pio.o
pmc_cfg_mck                                       /home/scott/controller/tap-bootstrap/driver/pmc.o
                                                  /home/scott/controller/tap-bootstrap/board/sama5d3xek/sama5d3xek.o
pmc_cfg_pck                                       /home/scott/controller/tap-bootstrap/driver/pmc.o
pmc_cfg_plla                                      /home/scott/controller/tap-bootstrap/driver/pmc.o
                                                  /home/scott/controller/tap-bootstrap/board/sama5d3xek/sama5d3xek.o
pmc_cfg_pllb                                      /home/scott/controller/tap-bootstrap/driver/pmc.o
pmc_enable_periph_clock                           /home/scott/controller/tap-bootstrap/driver/pmc.o
                                                  /home/scott/controller/tap-bootstrap/driver/at91_pit.o
                                                  /home/scott/controller/tap-bootstrap/board/sama5d3xek/sama5d3xek.o
pmc_enable_system_clock                           /home/scott/controller/tap-bootstrap/driver/pmc.o
                                                  /home/scott/controller/tap-bootstrap/board/sama5d3xek/sama5d3xek.o
pmc_init_pll                                      /home/scott/controller/tap-bootstrap/driver/pmc.o
                                                  /home/scott/controller/tap-bootstrap/board/sama5d3xek/sama5d3xek.o
pmecc_enable                                      /home/scott/controller/tap-bootstrap/driver/pmecc.o
                                                  /home/scott/controller/tap-bootstrap/driver/nandflash.o
pmecc_process                                     /home/scott/controller/tap-bootstrap/driver/pmecc.o
                                                  /home/scott/controller/tap-bootstrap/driver/nandflash.o
pmecc_start_data_phase                            /home/scott/controller/tap-bootstrap/driver/pmecc.o
                                                  /home/scott/controller/tap-bootstrap/driver/nandflash.o
reset                                             /home/scott/controller/tap-bootstrap/crt0_gnu.o
sdcard_set_of_name                                /home/scott/controller/tap-bootstrap/main.o
set_cp15                                          /home/scott/controller/tap-bootstrap/crt0_gnu.o
set_cpsr                                          /home/scott/controller/tap-bootstrap/crt0_gnu.o
slowclk_enable_osc32                              /home/scott/controller/tap-bootstrap/driver/at91_slowclk.o
                                                  /home/scott/controller/tap-bootstrap/board/sama5d3xek/sama5d3xek.o
slowclk_switch_osc32                              /home/scott/controller/tap-bootstrap/driver/at91_slowclk.o
                                                  /home/scott/controller/tap-bootstrap/main.o
start_interval_timer                              /home/scott/controller/tap-bootstrap/driver/at91_pit.o
                                                  /home/scott/controller/tap-bootstrap/driver/at91_slowclk.o
strcat                                            /home/scott/controller/tap-bootstrap/lib/string.o
strchr                                            /home/scott/controller/tap-bootstrap/lib/string.o
strcmp                                            /home/scott/controller/tap-bootstrap/lib/string.o
strcpy                                            /home/scott/controller/tap-bootstrap/lib/string.o
strlen                                            /home/scott/controller/tap-bootstrap/lib/string.o
                                                  /home/scott/controller/tap-bootstrap/driver/ds24xx.o
strncmp                                           /home/scott/controller/tap-bootstrap/lib/string.o
                                                  /home/scott/controller/tap-bootstrap/driver/ds24xx.o
timer_init                                        /home/scott/controller/tap-bootstrap/driver/at91_pit.o
                                                  /home/scott/controller/tap-bootstrap/board/sama5d3xek/sama5d3xek.o
udelay                                            /home/scott/controller/tap-bootstrap/driver/at91_pit.o
                                                  /home/scott/controller/tap-bootstrap/driver/ds24xx.o
                                                  /home/scott/controller/tap-bootstrap/driver/ddramc.o
                                                  /home/scott/controller/tap-bootstrap/driver/at91_slowclk.o
                                                  /home/scott/controller/tap-bootstrap/board/sama5d3xek/sama5d3xek.o
usart_getc                                        /home/scott/controller/tap-bootstrap/driver/at91_usart.o
usart_init                                        /home/scott/controller/tap-bootstrap/driver/at91_usart.o
                                                  /home/scott/controller/tap-bootstrap/board/sama5d3xek/sama5d3xek.o
usart_puts                                        /home/scott/controller/tap-bootstrap/driver/at91_usart.o
                                                  /home/scott/controller/tap-bootstrap/driver/debug.o
                                                  /home/scott/controller/tap-bootstrap/main.o
wait_interval_timer                               /home/scott/controller/tap-bootstrap/driver/at91_pit.o
                                                  /home/scott/controller/tap-bootstrap/driver/at91_slowclk.o
